Microchip MPLAB XC8 Compiler V2.50

Linker command line:

-W-3 --edf=/opt/microchip/xc8/v2.50/pic/dat/20240725155939_en.msgs -cn \
  -h+dist/default/production/p3apmonitor.X.production.sym \
  --cmf=dist/default/production/p3apmonitor.X.production.cmf -z -Q16F887 \
  -o/tmp/xcXKfKFad/driver_tmp_3.o --defsym=__MPLAB_BUILD=1 \
  --fixupoverflow=error \
  -Mdist/default/production/p3apmonitor.X.production.map \
  --md=/tmp/xcXKfKFad/driver_tmp_0.dat -E1 -ver=XC8 Compiler --acfsm=1493 \
  -ACODE=00h-07FFhx4 -ASTRCODE=00h-01FFFh -ASTRING=00h-0FFhx32 \
  -ACONST=00h-0FFhx32 -AENTRY=00h-0FFhx32 -ACOMMON=070h-07Fh \
  -ABANK0=020h-06Fh -ABANK1=0A0h-0EFh -ABANK2=0110h-016Fh \
  -ABANK3=0190h-01EFh -ARAM=020h-06Fh,0A0h-0EFh,0110h-016Fh,0190h-01EFh \
  -AABS1=020h-07Fh,0A0h-0EFh,0110h-016Fh,0190h-01EFh -ASFR0=00h-01Fh \
  -ASFR1=080h-09Fh -ASFR2=0100h-010Fh -ASFR3=0180h-018Fh \
  -ACONFIG=02007h-02008h -DCONFIG=2 -AIDLOC=02000h-02003h -DIDLOC=2 \
  -AEEDATA=00h-0FFh/02100h -peeprom_data=EEDATA -DEEDATA=2 -DCODE=2 \
  -DSTRCODE=2 -DSTRING=2 -DCONST=2 -DENTRY=2 \
  -preset_vec=00h,intentry=04h,sivt,init,end_init -ppowerup=CODE \
  -pcinit=CODE -pfunctab=ENTRY -k /tmp/xcXKfKFad/driver_tmp_17.o \
  dist/default/production/p3apmonitor.X.production.o 

Object code version is 3.11

Machine type is 16F887



                Name                               Link     Load   Length Selector   Space Scale
/tmp/xcXKfKFad/driver_tmp_17.o
                end_init                              C        C        3        8       0
                reset_vec                             0        0        3        0       0
                config                             2007     2007        1        0       4
dist/default/production/p3apmonitor.X.production.o
                cinit                                 F        F        F        8       0
                intentry                              4        4        8        8       0
                config                             2007     2007        1        0       4
                text12                              336      336       11      66C       0
                text11                              1D5      1D5       42        8       0
                text10                              290      290       38        8       0
                text9                               356      356        A      66C       0
                text8                               17E      17E       57        8       0
                text7                                1E       1E       C0        8       0
                text6                               2C8      2C8       23        8       0
                text5                               347      347        F      66C       0
                text4                               257      257       39        8       0
                text3                                DE       DE       A0        8       0
                text2                               2EB      2EB       1E        8       0
                text1                               309      309       1A        8       0
                maintext                            217      217       40        8       0
                cstackBANK0                          4D       4D       21       20       1
                cstackCOMMON                         70       70        A       70       1
                clrtext                             360      360        8      66C       0
                bssBANK0                             20       20       2D       20       1
                bssCOMMON                            7B       7B        1       70       1
                bitbssCOMMON                        3D0       7A        2       70       1     8
                strings                             323      323       13      646       0

TOTAL           Name                               Link     Load   Length     Space
        CLASS   CODE           
                end_init                              C        C        3         0
                cinit                                 F        F        F         0
                intentry                              4        4        8         0
                reset_vec                             0        0        3         0
                text12                              336      336       11         0
                text11                              1D5      1D5       42         0
                text10                              290      290       38         0
                text9                               356      356        A         0
                text8                               17E      17E       57         0
                text7                                1E       1E       C0         0
                text6                               2C8      2C8       23         0
                text5                               347      347        F         0
                text4                               257      257       39         0
                text3                                DE       DE       A0         0
                text2                               2EB      2EB       1E         0
                text1                               309      309       1A         0
                maintext                            217      217       40         0
                clrtext                             360      360        8         0

        CLASS   STRCODE        

        CLASS   STRING         
                strings                             323      323       13         0

        CLASS   CONST          

        CLASS   ENTRY          

        CLASS   COMMON         
                cstackCOMMON                         70       70        A         1
                bssCOMMON                            7B       7B        1         1
                bitbssCOMMON                        3D0       7A        2         1

        CLASS   BANK0          
                cstackBANK0                          4D       4D       21         1
                bssBANK0                             20       20       2D         1

        CLASS   BANK1          

        CLASS   BANK2          

        CLASS   BANK3          

        CLASS   RAM            

        CLASS   ABS1           
                abs_s1                               7E       7E        2         1

        CLASS   SFR0           

        CLASS   SFR1           

        CLASS   SFR2           

        CLASS   SFR3           

        CLASS   CONFIG         
                config                             2007     2007        1         4

        CLASS   IDLOC          

        CLASS   EEDATA         

        CLASS   HEAP           

        CLASS   STACK          



SEGMENTS        Name                           Load    Length   Top    Selector   Space  Class     Delta

                strings                        000323  000013  000336       646       0  STRING      2
                bssBANK0                       000020  00004E  00006E        20       1  BANK0       1
                reset_vec                      000000  000003  000003         0       0  CODE        2
                text12                         000336  000032  000368       66C       0  CODE        2
                cstackCOMMON                   000070  00000C  00007C        70       1  COMMON      1
                intentry                       000004  00031F  000323         8       0  CODE        2


UNUSED ADDRESS RANGES

        Name                Unused          Largest block    Delta
        BANK0            006E-006F              2           1
        BANK1            00A0-00EF             50           1
        BANK2            0110-016F             60           1
        BANK3            0190-01EF             60           1
        CODE             0003-0003              1           2
                         0368-1FFF            800
        COMMON           007C-007D              2           1
        CONFIG           2008-2008              1           2
        CONST            0003-0003              1           2
                         0368-1FFF            100
        EEDATA           2100-21FF            100           2
        ENTRY            0003-0003              1           2
                         0368-1FFF            100
        IDLOC            2000-2003              4           2
        RAM              006E-006F              2           1
                         00A0-00EF             50
                         0110-016F             60
                         0190-01EF             60
        SFR0             0000-001F             20           1
        SFR1             0080-009F             20           1
        SFR2             0100-010F             10           1
        SFR3             0180-018F             10           1
        STRCODE          0003-0003              1           2
                         0368-1FFF           1C98
        STRING           0003-0003              1           2
                         0368-1FFF            100

                                  Symbol Table

?___lwdiv                cstackCOMMON 0072
?___lwmod                cstackCOMMON 0072
?_printf                 cstackBANK0  0060
?_vfprintf               cstackBANK0  005D
_ADCON0bits              (abs)        001F
_ADRESH                  (abs)        001E
_ADRESL                  (abs)        009E
_ANSEL                   (abs)        0188
_ANSELH                  (abs)        0189
_ANSELbits               (abs)        0188
_INTCONbits              (abs)        000B
_OPTION_REGbits          (abs)        0081
_OSCCONbits              (abs)        008F
_PIR1bits                (abs)        000C
_PORTBbits               (abs)        0006
_PORTEbits               (abs)        0009
_RCSTAbits               (abs)        0018
_SPBRG                   (abs)        0099
_TMR0                    (abs)        0001
_TRISEbits               (abs)        0089
_TXREG                   (abs)        0019
_TXSTAbits               (abs)        0098
__H__absolute__          __absolute__ 0000
__Habs1                  abs1         0000
__Hbank0                 bank0        0000
__Hbank1                 bank1        0000
__Hbank2                 bank2        0000
__Hbank3                 bank3        0000
__HbitbssCOMMON          bitbssCOMMON 0000
__HbssBANK0              bssBANK0     0000
__HbssCOMMON             bssCOMMON    0000
__Hcinit                 cinit        001E
__Hclrtext               clrtext      0000
__Hcode                  code         0000
__Hcommon                common       0000
__Hconfig                config       2008
__HcstackBANK0           cstackBANK0  0000
__HcstackCOMMON          cstackCOMMON 0000
__Heeprom_data           eeprom_data  0000
__Hend_init              end_init     000F
__Hfunctab               functab      0000
__Hheap                  heap         0000
__Hinit                  init         000C
__Hintentry              intentry     000C
__Hmaintext              maintext     0000
__Hpowerup               powerup      0000
__Hram                   ram          0000
__Hreset_vec             reset_vec    0003
__Hsfr0                  sfr0         0000
__Hsfr1                  sfr1         0000
__Hsfr2                  sfr2         0000
__Hsfr3                  sfr3         0000
__Hsivt                  sivt         000C
__Hspace_0               (abs)        0368
__Hspace_1               (abs)        03D2
__Hspace_2               (abs)        0000
__Hspace_3               (abs)        0000
__Hspace_4               (abs)        400F
__Hstack                 stack        0000
__Hstrings               strings      0000
__Htext                  text         0000
__L__absolute__          __absolute__ 0000
__Labs1                  abs1         0000
__Lbank0                 bank0        0000
__Lbank1                 bank1        0000
__Lbank2                 bank2        0000
__Lbank3                 bank3        0000
__LbitbssCOMMON          bitbssCOMMON 0000
__LbssBANK0              bssBANK0     0000
__LbssCOMMON             bssCOMMON    0000
__Lcinit                 cinit        000F
__Lclrtext               clrtext      0000
__Lcode                  code         0000
__Lcommon                common       0000
__Lconfig                config       0000
__LcstackBANK0           cstackBANK0  0000
__LcstackCOMMON          cstackCOMMON 0000
__Leeprom_data           eeprom_data  0000
__Lend_init              end_init     000C
__Lfunctab               functab      0000
__Lheap                  heap         0000
__Linit                  init         000C
__Lintentry              intentry     0004
__Lmaintext              maintext     0000
__Lpowerup               powerup      0000
__Lram                   ram          0000
__Lreset_vec             reset_vec    0000
__Lsfr0                  sfr0         0000
__Lsfr1                  sfr1         0000
__Lsfr2                  sfr2         0000
__Lsfr3                  sfr3         0000
__Lsivt                  sivt         000C
__Lspace_0               (abs)        0000
__Lspace_1               (abs)        0000
__Lspace_2               (abs)        0000
__Lspace_3               (abs)        0000
__Lspace_4               (abs)        0000
__Lstack                 stack        0000
__Lstrings               strings      0000
__Ltext                  text         0000
__S0                     (abs)        0368
__S1                     (abs)        007C
__S3                     (abs)        0000
___heap_hi               (abs)        0000
___heap_lo               (abs)        0000
___int_sp                stack        0000
___int_stack_hi          stack        0000
___int_stack_lo          stack        0000
___latbits               (abs)        0002
___lwdiv                 text11       01D5
___lwdiv@counter         cstackCOMMON 0078
___lwdiv@dividend        cstackCOMMON 0074
___lwdiv@divisor         cstackCOMMON 0072
___lwdiv@quotient        cstackCOMMON 0076
___lwmod                 text10       0290
___lwmod@counter         cstackCOMMON 0076
___lwmod@dividend        cstackCOMMON 0074
___lwmod@divisor         cstackCOMMON 0072
___sp                    stack        0000
___stack_hi              stack        0000
___stack_lo              stack        0000
___stackhi               (abs)        0000
___stacklo               (abs)        0000
__end_of___lwdiv         text11       0217
__end_of___lwmod         text10       02C8
__end_of__initialization cinit        001A
__end_of__stringtab      strings      0329
__end_of_fputc           text8        01D5
__end_of_isr             text12       0347
__end_of_main            maintext     0257
__end_of_printf          text5        0356
__end_of_putch           text9        0360
__end_of_setupMCU        text4        0290
__end_of_taskADC         text3        017E
__end_of_taskLED         text2        0309
__end_of_taskSW1         text1        0323
__end_of_vfpfcnvrt       text7        00DE
__end_of_vfprintf        text6        02EB
__initialization         cinit        000F
__pbitbssCOMMON          bitbssCOMMON 03D0
__pbssBANK0              bssBANK0     0020
__pbssCOMMON             bssCOMMON    007B
__pcstackBANK0           cstackBANK0  004D
__pcstackCOMMON          cstackCOMMON 0070
__pintentry              intentry     0004
__pmaintext              maintext     0217
__pstrings               strings      0323
__ptext1                 text1        0309
__ptext10                text10       0290
__ptext11                text11       01D5
__ptext12                text12       0336
__ptext2                 text2        02EB
__ptext3                 text3        00DE
__ptext4                 text4        0257
__ptext5                 text5        0347
__ptext6                 text6        02C8
__ptext7                 text7        001E
__ptext8                 text8        017E
__ptext9                 text9        0356
__stringbase             strings      0328
__stringtab              strings      0323
_adcOK                   bitbssCOMMON 03D0
_an0pos                  bssBANK0     004C
_an1pos                  bssBANK0     004B
_dbuf                    bssBANK0     0020
_flags                   bssBANK0     0048
_fputc                   text8        017E
_isr                     text12       0336
_main                    maintext     0217
_prec                    bssBANK0     0042
_printf                  text5        0347
_putch                   text9        0356
_setupMCU                text4        0257
_sw1sta                  bssCOMMON    007B
_taskADC                 text3        00DE
_taskLED                 text2        02EB
_taskSW1                 text1        0309
_tickms                  bitbssCOMMON 03D1
_vfpfcnvrt               text7        001E
_vfprintf                text6        02C8
_width                   bssBANK0     0040
btemp                    (abs)        007E
clear_ram0               clrtext      0360
end_of_initialization    cinit        001A
fputc@c                  cstackCOMMON 0073
fputc@fp                 cstackCOMMON 0075
interrupt_function       intentry     0004
intlevel0                functab      0000
intlevel1                functab      0000
intlevel2                functab      0000
intlevel3                functab      0000
intlevel4                functab      0000
intlevel5                functab      0000
printf@ap                cstackBANK0  0067
printf@fmt               cstackBANK0  0060
putch@byte               cstackCOMMON 0072
reset_vec                reset_vec    0000
saved_w                  (abs)        007E
start                    init         000C
start_initialization     cinit        000F
taskADC@cnt              bssBANK0     0044
taskADC@res              cstackBANK0  004F
taskADC@state            bssBANK0     004A
taskLED@cnt              bssBANK0     0046
taskSW1@cnt              bssBANK0     0049
vfpfcnvrt@ap             cstackBANK0  0054
vfpfcnvrt@c              cstackBANK0  005C
vfpfcnvrt@convarg        cstackBANK0  0057
vfpfcnvrt@cp             cstackBANK0  005B
vfpfcnvrt@fmt            cstackBANK0  0053
vfpfcnvrt@fp             cstackBANK0  0052
vfprintf@ap              cstackBANK0  005F
vfprintf@cfmt            cstackCOMMON 0079
vfprintf@fmt             cstackBANK0  005E
vfprintf@fp              cstackBANK0  005D
wtemp0                   (abs)        007E


MODULE INFORMATION

Module		Function		Class		Link	Load	Size
/opt/microchip/xc8/v2.50/pic/sources/c99/common/nf_fputc.c
		_fputc         		CODE           	017E	0000	87

/opt/microchip/xc8/v2.50/pic/sources/c99/common/nf_fputc.c estimated size: 87

/opt/microchip/xc8/v2.50/pic/sources/c99/common/doprnt.c
		_vfpfcnvrt     		CODE           	001E	0000	192
		_vfprintf      		CODE           	02C8	0000	35

/opt/microchip/xc8/v2.50/pic/sources/c99/common/doprnt.c estimated size: 227

/opt/microchip/xc8/v2.50/pic/sources/c99/common/lwmod.c
		___lwmod       		CODE           	0290	0000	56

/opt/microchip/xc8/v2.50/pic/sources/c99/common/lwmod.c estimated size: 56

shared
		__stringtab    		STRING         	0323	0000	6
		__initialization		CODE           	000F	0000	11

shared estimated size: 17

/opt/microchip/xc8/v2.50/pic/sources/c99/common/printf.c
		_printf        		CODE           	0347	0000	15

/opt/microchip/xc8/v2.50/pic/sources/c99/common/printf.c estimated size: 15

/opt/microchip/xc8/v2.50/pic/sources/c99/common/lwdiv.c
		___lwdiv       		CODE           	01D5	0000	66

/opt/microchip/xc8/v2.50/pic/sources/c99/common/lwdiv.c estimated size: 66

main.c
		_taskLED       		CODE           	02EB	0000	30
		_putch         		CODE           	0356	0000	10
		_taskADC       		CODE           	00DE	0000	160
		_main          		CODE           	0217	0000	64
		_setupMCU      		CODE           	0257	0000	57
		_taskSW1       		CODE           	0309	0000	26
		_isr           		CODE           	0336	0000	17

main.c estimated size: 364

