Microchip MPLAB XC8 Compiler V2.50

Linker command line:

-W-3 --edf=/opt/microchip/xc8/v2.50/pic/dat/20240725155939_en.msgs -cn \
  -h+dist/default/production/p4apservo.X.production.sym \
  --cmf=dist/default/production/p4apservo.X.production.cmf -z -Q16F887 \
  -o/tmp/xcXfbgFlD/driver_tmp_3.o --defsym=__MPLAB_BUILD=1 \
  --fixupoverflow=error \
  -Mdist/default/production/p4apservo.X.production.map \
  --md=/tmp/xcXfbgFlD/driver_tmp_0.dat -E1 -ver=XC8 Compiler --acfsm=1493 \
  -ACODE=00h-07FFhx4 -ASTRCODE=00h-01FFFh -ASTRING=00h-0FFhx32 \
  -ACONST=00h-0FFhx32 -AENTRY=00h-0FFhx32 -ACOMMON=070h-07Fh \
  -ABANK0=020h-06Fh -ABANK1=0A0h-0EFh -ABANK2=0110h-016Fh \
  -ABANK3=0190h-01EFh -ARAM=020h-06Fh,0A0h-0EFh,0110h-016Fh,0190h-01EFh \
  -AABS1=020h-07Fh,0A0h-0EFh,0110h-016Fh,0190h-01EFh -ASFR0=00h-01Fh \
  -ASFR1=080h-09Fh -ASFR2=0100h-010Fh -ASFR3=0180h-018Fh \
  -ACONFIG=02007h-02008h -DCONFIG=2 -AIDLOC=02000h-02003h -DIDLOC=2 \
  -AEEDATA=00h-0FFh/02100h -peeprom_data=EEDATA -DEEDATA=2 -DCODE=2 \
  -DSTRCODE=2 -DSTRING=2 -DCONST=2 -DENTRY=2 \
  -preset_vec=00h,intentry=04h,sivt,init,end_init -ppowerup=CODE \
  -pcinit=CODE -pfunctab=ENTRY -k /tmp/xcXfbgFlD/driver_tmp_17.o \
  dist/default/production/p4apservo.X.production.o 

Object code version is 3.11

Machine type is 16F887



                Name                               Link     Load   Length Selector   Space Scale
/tmp/xcXfbgFlD/driver_tmp_17.o
                end_init                              E        E        3        8       0
                reset_vec                             0        0        3        0       0
                config                             2007     2007        1        0       4
dist/default/production/p4apservo.X.production.o
                cinit                                11       11       18        8       0
                intentry                              4        4        A        8       0
                config                             2007     2007        1        0       4
                text13                              250      250       3E        8       0
                text12                              2C8      2C8       26        8       0
                text11                              33C      33C        F        8       0
                text10                              1CC      1CC       44        8       0
                text9                               28E      28E       3A        8       0
                text8                               358      358        A      6B0       0
                text7                                EA       EA       57        8       0
                text6                                29       29       C1        8       0
                text5                               2EE      2EE       21        8       0
                text4                               32D      32D        F        8       0
                text3                               141      141       47        8       0
                text2                               30F      30F       1E        8       0
                text1                               188      188       44        8       0
                maintext                            210      210       40        8       0
                cstackBANK0                          4F       4F       1E       20       1
                cstackCOMMON                         70       70        7       70       1
                clrtext                             362      362        8      6B0       0
                bssBANK0                             20       20       2F       20       1
                dataCOMMON                           7C       7C        1       70       1
                bssCOMMON                            77       77        4       70       1
                bitbssCOMMON                        3D8       7B        2       70       1     8
                strings                             34B      34B        D      696       0
                idataCOMMON                         36A      36A        1      6B0       0

TOTAL           Name                               Link     Load   Length     Space
        CLASS   CODE           
                end_init                              E        E        3         0
                cinit                                11       11       18         0
                intentry                              4        4        A         0
                reset_vec                             0        0        3         0
                text13                              250      250       3E         0
                text12                              2C8      2C8       26         0
                text11                              33C      33C        F         0
                text10                              1CC      1CC       44         0
                text9                               28E      28E       3A         0
                text8                               358      358        A         0
                text7                                EA       EA       57         0
                text6                                29       29       C1         0
                text5                               2EE      2EE       21         0
                text4                               32D      32D        F         0
                text3                               141      141       47         0
                text2                               30F      30F       1E         0
                text1                               188      188       44         0
                maintext                            210      210       40         0
                clrtext                             362      362        8         0
                idataCOMMON                         36A      36A        1         0

        CLASS   STRCODE        

        CLASS   STRING         
                strings                             34B      34B        D         0

        CLASS   CONST          

        CLASS   ENTRY          

        CLASS   COMMON         
                cstackCOMMON                         70       70        7         1
                dataCOMMON                           7C       7C        1         1
                bssCOMMON                            77       77        4         1
                bitbssCOMMON                        3D8       7B        2         1

        CLASS   BANK0          
                cstackBANK0                          4F       4F       1E         1
                bssBANK0                             20       20       2F         1

        CLASS   BANK1          

        CLASS   BANK2          

        CLASS   BANK3          

        CLASS   RAM            

        CLASS   ABS1           
                abs_s1                               7E       7E        2         1

        CLASS   SFR0           

        CLASS   SFR1           

        CLASS   SFR2           

        CLASS   SFR3           

        CLASS   CONFIG         
                config                             2007     2007        1         4

        CLASS   IDLOC          

        CLASS   EEDATA         

        CLASS   HEAP           

        CLASS   STACK          



SEGMENTS        Name                           Load    Length   Top    Selector   Space  Class     Delta

                strings                        00034B  00000D  000358       696       0  STRING      2
                bssBANK0                       000020  00004D  00006D        20       1  BANK0       1
                reset_vec                      000000  000003  000003         0       0  CODE        2
                text8                          000358  000013  00036B       6B0       0  CODE        2
                cstackCOMMON                   000070  00000D  00007D        70       1  COMMON      1
                intentry                       000004  000347  00034B         8       0  CODE        2


UNUSED ADDRESS RANGES

        Name                Unused          Largest block    Delta
        BANK0            006D-006F              3           1
        BANK1            00A0-00EF             50           1
        BANK2            0110-016F             60           1
        BANK3            0190-01EF             60           1
        CODE             0003-0003              1           2
                         036B-1FFF            800
        COMMON           007D-007D              1           1
        CONFIG           2008-2008              1           2
        CONST            0003-0003              1           2
                         036B-1FFF            100
        EEDATA           2100-21FF            100           2
        ENTRY            0003-0003              1           2
                         036B-1FFF            100
        IDLOC            2000-2003              4           2
        RAM              006D-006F              3           1
                         00A0-00EF             50
                         0110-016F             60
                         0190-01EF             60
        SFR0             0000-001F             20           1
        SFR1             0080-009F             20           1
        SFR2             0100-010F             10           1
        SFR3             0180-018F             10           1
        STRCODE          0003-0003              1           2
                         036B-1FFF           1C95
        STRING           0003-0003              1           2
                         036B-1FFF            100

                                  Symbol Table

?___lwdiv                cstackBANK0  004F
?___lwmod                cstackBANK0  004F
?_printf                 cstackBANK0  0067
?_vfprintf               cstackBANK0  0063
MSERVOHandler@cnt        bssCOMMON    0077
MSERVOHandler@pos        dataCOMMON   007C
MSERVOHandler@res        cstackCOMMON 0070
MSERVOHandler@timer      cstackCOMMON 0071
MSERVOHandler@tsvptr     cstackCOMMON 0072
MSERVOSetup@num          cstackBANK0  004F
_ANSEL                   (abs)        0188
_ANSELH                  (abs)        0189
_INTCONbits              (abs)        000B
_MSERVOHandler           text13       0250
_MSERVOSetup             text11       033C
_MSV                     bssBANK0     0047
_OPTION_REGbits          (abs)        0081
_OSCCONbits              (abs)        008F
_PIE1bits                (abs)        008C
_PIR1bits                (abs)        000C
_PORTBbits               (abs)        0006
_PORTD                   (abs)        0008
_PORTEbits               (abs)        0009
_PR2                     (abs)        0092
_RCSTAbits               (abs)        0018
_SPBRG                   (abs)        0099
_T2CONbits               (abs)        0012
_TMR0                    (abs)        0001
_TMR2                    (abs)        0011
_TRISBbits               (abs)        0086
_TRISD                   (abs)        0088
_TRISEbits               (abs)        0089
_TXREG                   (abs)        0019
_TXSTAbits               (abs)        0098
__H__absolute__          __absolute__ 0000
__Habs1                  abs1         0000
__Hbank0                 bank0        0000
__Hbank1                 bank1        0000
__Hbank2                 bank2        0000
__Hbank3                 bank3        0000
__HbitbssCOMMON          bitbssCOMMON 0000
__HbssBANK0              bssBANK0     0000
__HbssCOMMON             bssCOMMON    0000
__Hcinit                 cinit        0029
__Hclrtext               clrtext      0000
__Hcode                  code         0000
__Hcommon                common       0000
__Hconfig                config       2008
__HcstackBANK0           cstackBANK0  0000
__HcstackCOMMON          cstackCOMMON 0000
__HdataCOMMON            dataCOMMON   0000
__Heeprom_data           eeprom_data  0000
__Hend_init              end_init     0011
__Hfunctab               functab      0000
__Hheap                  heap         0000
__HidataCOMMON           idataCOMMON  0000
__Hinit                  init         000E
__Hintentry              intentry     000E
__Hmaintext              maintext     0000
__Hpowerup               powerup      0000
__Hram                   ram          0000
__Hreset_vec             reset_vec    0003
__Hsfr0                  sfr0         0000
__Hsfr1                  sfr1         0000
__Hsfr2                  sfr2         0000
__Hsfr3                  sfr3         0000
__Hsivt                  sivt         000E
__Hspace_0               (abs)        036B
__Hspace_1               (abs)        03DA
__Hspace_2               (abs)        0000
__Hspace_3               (abs)        0000
__Hspace_4               (abs)        400F
__Hstack                 stack        0000
__Hstrings               strings      0000
__Htext                  text         0000
__L__absolute__          __absolute__ 0000
__Labs1                  abs1         0000
__Lbank0                 bank0        0000
__Lbank1                 bank1        0000
__Lbank2                 bank2        0000
__Lbank3                 bank3        0000
__LbitbssCOMMON          bitbssCOMMON 0000
__LbssBANK0              bssBANK0     0000
__LbssCOMMON             bssCOMMON    0000
__Lcinit                 cinit        0011
__Lclrtext               clrtext      0000
__Lcode                  code         0000
__Lcommon                common       0000
__Lconfig                config       0000
__LcstackBANK0           cstackBANK0  0000
__LcstackCOMMON          cstackCOMMON 0000
__LdataCOMMON            dataCOMMON   0000
__Leeprom_data           eeprom_data  0000
__Lend_init              end_init     000E
__Lfunctab               functab      0000
__Lheap                  heap         0000
__LidataCOMMON           idataCOMMON  0000
__Linit                  init         000E
__Lintentry              intentry     0004
__Lmaintext              maintext     0000
__Lpowerup               powerup      0000
__Lram                   ram          0000
__Lreset_vec             reset_vec    0000
__Lsfr0                  sfr0         0000
__Lsfr1                  sfr1         0000
__Lsfr2                  sfr2         0000
__Lsfr3                  sfr3         0000
__Lsivt                  sivt         000E
__Lspace_0               (abs)        0000
__Lspace_1               (abs)        0000
__Lspace_2               (abs)        0000
__Lspace_3               (abs)        0000
__Lspace_4               (abs)        0000
__Lstack                 stack        0000
__Lstrings               strings      0000
__Ltext                  text         0000
__S0                     (abs)        036B
__S1                     (abs)        007D
__S3                     (abs)        0000
___heap_hi               (abs)        0000
___heap_lo               (abs)        0000
___int_sp                stack        0000
___int_stack_hi          stack        0000
___int_stack_lo          stack        0000
___latbits               (abs)        0002
___lwdiv                 text10       01CC
___lwdiv@counter         cstackBANK0  0053
___lwdiv@dividend        cstackBANK0  0051
___lwdiv@divisor         cstackBANK0  004F
___lwdiv@quotient        cstackBANK0  0054
___lwmod                 text9        028E
___lwmod@counter         cstackBANK0  0053
___lwmod@dividend        cstackBANK0  0051
___lwmod@divisor         cstackBANK0  004F
___sp                    stack        0000
___stack_hi              stack        0000
___stack_lo              stack        0000
___stackhi               (abs)        0000
___stacklo               (abs)        0000
__end_of_MSERVOHandler   text13       028E
__end_of_MSERVOSetup     text11       034B
__end_of___lwdiv         text10       0210
__end_of___lwmod         text9        02C8
__end_of__initialization cinit        0025
__end_of__stringtab      strings      0351
__end_of_fputc           text7        0141
__end_of_isr             text12       02EE
__end_of_main            maintext     0250
__end_of_printf          text4        033C
__end_of_putch           text8        0362
__end_of_setupMCU        text3        0188
__end_of_taskLED         text2        032D
__end_of_taskSR04        text1        01CC
__end_of_vfpfcnvrt       text6        00EA
__end_of_vfprintf        text5        030F
__initialization         cinit        0011
__pbitbssCOMMON          bitbssCOMMON 03D8
__pbssBANK0              bssBANK0     0020
__pbssCOMMON             bssCOMMON    0077
__pcstackBANK0           cstackBANK0  004F
__pcstackCOMMON          cstackCOMMON 0070
__pdataCOMMON            dataCOMMON   007C
__pidataCOMMON           idataCOMMON  036A
__pintentry              intentry     0004
__pmaintext              maintext     0210
__pstrings               strings      034B
__ptext1                 text1        0188
__ptext10                text10       01CC
__ptext11                text11       033C
__ptext12                text12       02C8
__ptext13                text13       0250
__ptext2                 text2        030F
__ptext3                 text3        0141
__ptext4                 text4        032D
__ptext5                 text5        02EE
__ptext6                 text6        0029
__ptext7                 text7        00EA
__ptext8                 text8        0358
__ptext9                 text9        028E
__stringbase             strings      0350
__stringtab              strings      034B
_dbuf                    bssBANK0     0020
_distOK                  bitbssCOMMON 03D8
_distcnt                 bssCOMMON    007A
_flags                   bssBANK0     0046
_fputc                   text7        00EA
_isr                     text12       02C8
_main                    maintext     0210
_prec                    bssBANK0     0042
_printf                  text4        032D
_putch                   text8        0358
_setupMCU                text3        0141
_taskLED                 text2        030F
_taskSR04                text1        0188
_tickms                  bitbssCOMMON 03D9
_vfpfcnvrt               text6        0029
_vfprintf                text5        02EE
_width                   bssBANK0     0040
btemp                    (abs)        007E
clear_ram0               clrtext      0362
end_of_initialization    cinit        0025
fputc@c                  cstackBANK0  0050
fputc@fp                 cstackBANK0  0052
interrupt_function       intentry     0004
intlevel0                functab      0000
intlevel1                functab      0000
intlevel2                functab      0000
intlevel3                functab      0000
intlevel4                functab      0000
intlevel5                functab      0000
isr@res                  cstackCOMMON 0076
printf@ap                cstackBANK0  006A
printf@fmt               cstackBANK0  0067
putch@byte               cstackBANK0  004F
reset_vec                reset_vec    0000
saved_w                  (abs)        007E
start                    init         000E
start_initialization     cinit        0011
taskLED@cnt              bssBANK0     0044
taskSR04@cnt             bssCOMMON    0079
taskSR04@state           bssCOMMON    0078
vfpfcnvrt@ap             cstackBANK0  005A
vfpfcnvrt@c              cstackBANK0  0062
vfpfcnvrt@convarg        cstackBANK0  005D
vfpfcnvrt@cp             cstackBANK0  0061
vfpfcnvrt@fmt            cstackBANK0  0059
vfpfcnvrt@fp             cstackBANK0  0058
vfprintf@ap              cstackBANK0  0065
vfprintf@cfmt            cstackBANK0  0066
vfprintf@fmt             cstackBANK0  0064
vfprintf@fp              cstackBANK0  0063
wtemp0                   (abs)        007E


MODULE INFORMATION

Module		Function		Class		Link	Load	Size
/opt/microchip/xc8/v2.50/pic/sources/c99/common/nf_fputc.c
		_fputc         		CODE           	00EA	0000	87

/opt/microchip/xc8/v2.50/pic/sources/c99/common/nf_fputc.c estimated size: 87

/opt/microchip/xc8/v2.50/pic/sources/c99/common/doprnt.c
		_vfpfcnvrt     		CODE           	0029	0000	193
		_vfprintf      		CODE           	02EE	0000	33

/opt/microchip/xc8/v2.50/pic/sources/c99/common/doprnt.c estimated size: 226

/opt/microchip/xc8/v2.50/pic/sources/c99/common/lwmod.c
		___lwmod       		CODE           	028E	0000	58

/opt/microchip/xc8/v2.50/pic/sources/c99/common/lwmod.c estimated size: 58

shared
		__stringtab    		STRING         	034B	0000	6
		__initialization		CODE           	0011	0000	20

shared estimated size: 26

mservo.c
		_MSERVOHandler 		CODE           	0250	0000	62
		_MSERVOSetup   		CODE           	033C	0000	15

mservo.c estimated size: 77

/opt/microchip/xc8/v2.50/pic/sources/c99/common/printf.c
		_printf        		CODE           	032D	0000	15

/opt/microchip/xc8/v2.50/pic/sources/c99/common/printf.c estimated size: 15

/opt/microchip/xc8/v2.50/pic/sources/c99/common/lwdiv.c
		___lwdiv       		CODE           	01CC	0000	68

/opt/microchip/xc8/v2.50/pic/sources/c99/common/lwdiv.c estimated size: 68

main.c
		_taskSR04      		CODE           	0188	0000	68
		_taskLED       		CODE           	030F	0000	30
		_putch         		CODE           	0358	0000	10
		_main          		CODE           	0210	0000	64
		_setupMCU      		CODE           	0141	0000	71
		_isr           		CODE           	02C8	0000	38

main.c estimated size: 281

